[    0.000000] microcode: microcode updated early to revision 0x22, date = 2017-01-27
[    0.000000] Linux version 4.12.4-1-ARCH (builduser@nspawn-9860) (gcc version 7.1.1 20170630 (GCC) ) #1 SMP PREEMPT Fri Jul 28 18:54:18 UTC 2017
[    0.000000] Command line: initrd=\intel-ucode.img initrd=\initramfs-linux.img root=PARTUUID=baae3771-f397-4304-b130-7ea0da92a6d2 rw
[    0.000000] x86/fpu: Supporting XSAVE feature 0x001: 'x87 floating point registers'
[    0.000000] x86/fpu: Supporting XSAVE feature 0x002: 'SSE registers'
[    0.000000] x86/fpu: Supporting XSAVE feature 0x004: 'AVX registers'
[    0.000000] x86/fpu: xstate_offset[2]:  576, xstate_sizes[2]:  256
[    0.000000] x86/fpu: Enabled xstate features 0x7, context size is 832 bytes, using 'standard' format.
[    0.000000] e820: BIOS-provided physical RAM map:
[    0.000000] BIOS-e820: [mem 0x0000000000000000-0x0000000000057fff] usable
[    0.000000] BIOS-e820: [mem 0x0000000000058000-0x0000000000058fff] reserved
[    0.000000] BIOS-e820: [mem 0x0000000000059000-0x000000000009efff] usable
[    0.000000] BIOS-e820: [mem 0x000000000009f000-0x000000000009ffff] reserved
[    0.000000] BIOS-e820: [mem 0x0000000000100000-0x00000000cb901fff] usable
[    0.000000] BIOS-e820: [mem 0x00000000cb902000-0x00000000cb908fff] ACPI NVS
[    0.000000] BIOS-e820: [mem 0x00000000cb909000-0x00000000cbd4cfff] usable
[    0.000000] BIOS-e820: [mem 0x00000000cbd4d000-0x00000000cc2ddfff] reserved
[    0.000000] BIOS-e820: [mem 0x00000000cc2de000-0x00000000ddda9fff] usable
[    0.000000] BIOS-e820: [mem 0x00000000dddaa000-0x00000000dde42fff] reserved
[    0.000000] BIOS-e820: [mem 0x00000000dde43000-0x00000000dde92fff] usable
[    0.000000] BIOS-e820: [mem 0x00000000dde93000-0x00000000ddfc7fff] ACPI NVS
[    0.000000] BIOS-e820: [mem 0x00000000ddfc8000-0x00000000deffefff] reserved
[    0.000000] BIOS-e820: [mem 0x00000000defff000-0x00000000deffffff] usable
[    0.000000] BIOS-e820: [mem 0x00000000f8000000-0x00000000fbffffff] reserved
[    0.000000] BIOS-e820: [mem 0x00000000fec00000-0x00000000fec00fff] reserved
[    0.000000] BIOS-e820: [mem 0x00000000fed00000-0x00000000fed03fff] reserved
[    0.000000] BIOS-e820: [mem 0x00000000fed1c000-0x00000000fed1ffff] reserved
[    0.000000] BIOS-e820: [mem 0x00000000fee00000-0x00000000fee00fff] reserved
[    0.000000] BIOS-e820: [mem 0x00000000ff000000-0x00000000ffffffff] reserved
[    0.000000] BIOS-e820: [mem 0x0000000100000000-0x000000021dffffff] usable
[    0.000000] NX (Execute Disable) protection: active
[    0.000000] e820: update [mem 0xca765018-0xca783257] usable ==> usable
[    0.000000] e820: update [mem 0xca757018-0xca764057] usable ==> usable
[    0.000000] extended physical RAM map:
[    0.000000] reserve setup_data: [mem 0x0000000000000000-0x0000000000057fff] usable
[    0.000000] reserve setup_data: [mem 0x0000000000058000-0x0000000000058fff] reserved
[    0.000000] reserve setup_data: [mem 0x0000000000059000-0x000000000009efff] usable
[    0.000000] reserve setup_data: [mem 0x000000000009f000-0x000000000009ffff] reserved
[    0.000000] reserve setup_data: [mem 0x0000000000100000-0x00000000ca757017] usable
[    0.000000] reserve setup_data: [mem 0x00000000ca757018-0x00000000ca764057] usable
[    0.000000] reserve setup_data: [mem 0x00000000ca764058-0x00000000ca765017] usable
[    0.000000] reserve setup_data: [mem 0x00000000ca765018-0x00000000ca783257] usable
[    0.000000] reserve setup_data: [mem 0x00000000ca783258-0x00000000cb901fff] usable
[    0.000000] reserve setup_data: [mem 0x00000000cb902000-0x00000000cb908fff] ACPI NVS
[    0.000000] reserve setup_data: [mem 0x00000000cb909000-0x00000000cbd4cfff] usable
[    0.000000] reserve setup_data: [mem 0x00000000cbd4d000-0x00000000cc2ddfff] reserved
[    0.000000] reserve setup_data: [mem 0x00000000cc2de000-0x00000000ddda9fff] usable
[    0.000000] reserve setup_data: [mem 0x00000000dddaa000-0x00000000dde42fff] reserved
[    0.000000] reserve setup_data: [mem 0x00000000dde43000-0x00000000dde92fff] usable
[    0.000000] reserve setup_data: [mem 0x00000000dde93000-0x00000000ddfc7fff] ACPI NVS
[    0.000000] reserve setup_data: [mem 0x00000000ddfc8000-0x00000000deffefff] reserved
[    0.000000] reserve setup_data: [mem 0x00000000defff000-0x00000000deffffff] usable
[    0.000000] reserve setup_data: [mem 0x00000000f8000000-0x00000000fbffffff] reserved
[    0.000000] reserve setup_data: [mem 0x00000000fec00000-0x00000000fec00fff] reserved
[    0.000000] reserve setup_data: [mem 0x00000000fed00000-0x00000000fed03fff] reserved
[    0.000000] reserve setup_data: [mem 0x00000000fed1c000-0x00000000fed1ffff] reserved
[    0.000000] reserve setup_data: [mem 0x00000000fee00000-0x00000000fee00fff] reserved
[    0.000000] reserve setup_data: [mem 0x00000000ff000000-0x00000000ffffffff] reserved
[    0.000000] reserve setup_data: [mem 0x0000000100000000-0x000000021dffffff] usable
[    0.000000] efi: EFI v2.31 by American Megatrends
[    0.000000] efi:  ESRT=0xdef7f998  ACPI=0xddf97000  ACPI 2.0=0xddf97000  SMBIOS=0xf04d0  MPS=0xfd520 
[    0.000000] SMBIOS 2.8 present.
[    0.000000] DMI: MSI MS-7816/B85-G43 (MS-7816), BIOS V3.7 02/21/2014
[    0.000000] tsc: Fast TSC calibration using PIT
[    0.000000] e820: update [mem 0x00000000-0x00000fff] usable ==> reserved
[    0.000000] e820: remove [mem 0x000a0000-0x000fffff] usable
[    0.000000] e820: last_pfn = 0x21e000 max_arch_pfn = 0x400000000
[    0.000000] MTRR default type: uncachable
[    0.000000] MTRR fixed ranges enabled:
[    0.000000]   00000-9FFFF write-back
[    0.000000]   A0000-BFFFF uncachable
[    0.000000]   C0000-CFFFF write-protect
[    0.000000]   D0000-DFFFF uncachable
[    0.000000]   E0000-FFFFF write-protect
[    0.000000] MTRR variable ranges enabled:
[    0.000000]   0 base 0000000000 mask 7E00000000 write-back
[    0.000000]   1 base 0200000000 mask 7FF0000000 write-back
[    0.000000]   2 base 0210000000 mask 7FF8000000 write-back
[    0.000000]   3 base 0218000000 mask 7FFC000000 write-back
[    0.000000]   4 base 021C000000 mask 7FFE000000 write-back
[    0.000000]   5 base 00E0000000 mask 7FE0000000 uncachable
[    0.000000]   6 disabled
[    0.000000]   7 disabled
[    0.000000]   8 disabled
[    0.000000]   9 disabled
[    0.000000] x86/PAT: Configuration [0-7]: WB  WC  UC- UC  WB  WC  UC- WT  
[    0.000000] e820: update [mem 0xe0000000-0xffffffff] usable ==> reserved
[    0.000000] e820: last_pfn = 0xdf000 max_arch_pfn = 0x400000000
[    0.000000] found SMP MP-table at [mem 0x000fd810-0x000fd81f] mapped at [ffff8800000fd810]
[    0.000000] esrt: Reserving ESRT space from 0x00000000def7f998 to 0x00000000def7f9d0.
[    0.000000] Scanning 1 areas for low memory corruption
[    0.000000] Base memory trampoline at [ffff880000097000] 97000 size 24576
[    0.000000] Using GB pages for direct mapping
[    0.000000] BRK [0x147d5f000, 0x147d5ffff] PGTABLE
[    0.000000] BRK [0x147d60000, 0x147d60fff] PGTABLE
[    0.000000] BRK [0x147d61000, 0x147d61fff] PGTABLE
[    0.000000] BRK [0x147d62000, 0x147d62fff] PGTABLE
[    0.000000] BRK [0x147d63000, 0x147d63fff] PGTABLE
[    0.000000] BRK [0x147d64000, 0x147d64fff] PGTABLE
[    0.000000] BRK [0x147d65000, 0x147d65fff] PGTABLE
[    0.000000] BRK [0x147d66000, 0x147d66fff] PGTABLE
[    0.000000] BRK [0x147d67000, 0x147d67fff] PGTABLE
[    0.000000] BRK [0x147d68000, 0x147d68fff] PGTABLE
[    0.000000] BRK [0x147d69000, 0x147d69fff] PGTABLE
[    0.000000] BRK [0x147d6a000, 0x147d6afff] PGTABLE
[    0.000000] Secure boot disabled
[    0.000000] RAMDISK: [mem 0x7f885000-0x7fffefff]
[    0.000000] ACPI: Early table checksum verification disabled
[    0.000000] ACPI: RSDP 0x00000000DDF97000 000024 (v02 ALASKA)
[    0.000000] ACPI: XSDT 0x00000000DDF97088 00008C (v01 ALASKA A M I    01072009 AMI  00010013)
[    0.000000] ACPI: FACP 0x00000000DDFA62E0 00010C (v05 ALASKA A M I    01072009 AMI  00010013)
[    0.000000] ACPI: DSDT 0x00000000DDF971A8 00F132 (v02 ALASKA A M I    00000034 INTL 20120711)
[    0.000000] ACPI: FACS 0x00000000DDFC7F80 000040
[    0.000000] ACPI: APIC 0x00000000DDFA63F0 000072 (v03 ALASKA A M I    01072009 AMI  00010013)
[    0.000000] ACPI: FPDT 0x00000000DDFA6468 000044 (v01 ALASKA A M I    01072009 AMI  00010013)
[    0.000000] ACPI: SSDT 0x00000000DDFA64B0 000539 (v01 PmRef  Cpu0Ist  00003000 INTL 20120711)
[    0.000000] ACPI: SSDT 0x00000000DDFA69F0 000AD8 (v01 PmRef  CpuPm    00003000 INTL 20120711)
[    0.000000] ACPI: MCFG 0x00000000DDFA74C8 00003C (v01 ALASKA A M I    01072009 MSFT 00000097)
[    0.000000] ACPI: HPET 0x00000000DDFA7508 000038 (v01 ALASKA A M I    01072009 AMI. 00000005)
[    0.000000] ACPI: SSDT 0x00000000DDFA7540 00036D (v01 SataRe SataTabl 00001000 INTL 20120711)
[    0.000000] ACPI: SSDT 0x00000000DDFA78B0 0034E1 (v01 SaSsdt SaSsdt   00003000 INTL 20091112)
[    0.000000] ACPI: ASF! 0x00000000DDFAAD98 0000A5 (v32 INTEL   HCG     00000001 TFSM 000F4240)
[    0.000000] ACPI: DMAR 0x00000000DDFAAE40 000080 (v01 INTEL  HSW      00000001 INTL 00000001)
[    0.000000] ACPI: SSDT 0x00000000DDFAAEC0 000A26 (v01 Intel_ IsctTabl 00001000 INTL 20120711)
[    0.000000] ACPI: BGRT 0x00000000DDFAB8E8 000038 (v00 ALASKA A M I    01072009 AMI  00010013)
[    0.000000] ACPI: Local APIC address 0xfee00000
[    0.000000] No NUMA configuration found
[    0.000000] Faking a node at [mem 0x0000000000000000-0x000000021dffffff]
[    0.000000] NODE_DATA(0) allocated [mem 0x21dffb000-0x21dffffff]
[    0.000000] Zone ranges:
[    0.000000]   DMA      [mem 0x0000000000001000-0x0000000000ffffff]
[    0.000000]   DMA32    [mem 0x0000000001000000-0x00000000ffffffff]
[    0.000000]   Normal   [mem 0x0000000100000000-0x000000021dffffff]
[    0.000000]   Device   empty
[    0.000000] Movable zone start for each node
[    0.000000] Early memory node ranges
[    0.000000]   node   0: [mem 0x0000000000001000-0x0000000000057fff]
[    0.000000]   node   0: [mem 0x0000000000059000-0x000000000009efff]
[    0.000000]   node   0: [mem 0x0000000000100000-0x00000000cb901fff]
[    0.000000]   node   0: [mem 0x00000000cb909000-0x00000000cbd4cfff]
[    0.000000]   node   0: [mem 0x00000000cc2de000-0x00000000ddda9fff]
[    0.000000]   node   0: [mem 0x00000000dde43000-0x00000000dde92fff]
[    0.000000]   node   0: [mem 0x00000000defff000-0x00000000deffffff]
[    0.000000]   node   0: [mem 0x0000000100000000-0x000000021dffffff]
[    0.000000] Initmem setup node 0 [mem 0x0000000000001000-0x000000021dffffff]
[    0.000000] On node 0 totalpages: 2078720
[    0.000000]   DMA zone: 64 pages used for memmap
[    0.000000]   DMA zone: 24 pages reserved
[    0.000000]   DMA zone: 3997 pages, LIFO batch:0
[    0.000000]   DMA32 zone: 14114 pages used for memmap
[    0.000000]   DMA32 zone: 903267 pages, LIFO batch:31
[    0.000000]   Normal zone: 18304 pages used for memmap
[    0.000000]   Normal zone: 1171456 pages, LIFO batch:31
[    0.000000] ACPI: PM-Timer IO Port: 0x1808
[    0.000000] ACPI: Local APIC address 0xfee00000
[    0.000000] ACPI: LAPIC_NMI (acpi_id[0xff] high edge lint[0x1])
[    0.000000] IOAPIC[0]: apic_id 8, version 32, address 0xfec00000, GSI 0-23
[    0.000000] ACPI: INT_SRC_OVR (bus 0 bus_irq 0 global_irq 2 dfl dfl)
[    0.000000] ACPI: INT_SRC_OVR (bus 0 bus_irq 9 global_irq 9 high level)
[    0.000000] ACPI: IRQ0 used by override.
[    0.000000] ACPI: IRQ9 used by override.
[    0.000000] Using ACPI (MADT) for SMP configuration information
[    0.000000] ACPI: HPET id: 0x8086a701 base: 0xfed00000
[    0.000000] smpboot: Allowing 4 CPUs, 0 hotplug CPUs
[    0.000000] PM: Registered nosave memory: [mem 0x00000000-0x00000fff]
[    0.000000] PM: Registered nosave memory: [mem 0x00058000-0x00058fff]
[    0.000000] PM: Registered nosave memory: [mem 0x0009f000-0x0009ffff]
[    0.000000] PM: Registered nosave memory: [mem 0x000a0000-0x000fffff]
[    0.000000] PM: Registered nosave memory: [mem 0xca757000-0xca757fff]
[    0.000000] PM: Registered nosave memory: [mem 0xca764000-0xca764fff]
[    0.000000] PM: Registered nosave memory: [mem 0xca765000-0xca765fff]
[    0.000000] PM: Registered nosave memory: [mem 0xca783000-0xca783fff]
[    0.000000] PM: Registered nosave memory: [mem 0xcb902000-0xcb908fff]
[    0.000000] PM: Registered nosave memory: [mem 0xcbd4d000-0xcc2ddfff]
[    0.000000] PM: Registered nosave memory: [mem 0xdddaa000-0xdde42fff]
[    0.000000] PM: Registered nosave memory: [mem 0xdde93000-0xddfc7fff]
[    0.000000] PM: Registered nosave memory: [mem 0xddfc8000-0xdeffefff]
[    0.000000] PM: Registered nosave memory: [mem 0xdf000000-0xf7ffffff]
[    0.000000] PM: Registered nosave memory: [mem 0xf8000000-0xfbffffff]
[    0.000000] PM: Registered nosave memory: [mem 0xfc000000-0xfebfffff]
[    0.000000] PM: Registered nosave memory: [mem 0xfec00000-0xfec00fff]
[    0.000000] PM: Registered nosave memory: [mem 0xfec01000-0xfecfffff]
[    0.000000] PM: Registered nosave memory: [mem 0xfed00000-0xfed03fff]
[    0.000000] PM: Registered nosave memory: [mem 0xfed04000-0xfed1bfff]
[    0.000000] PM: Registered nosave memory: [mem 0xfed1c000-0xfed1ffff]
[    0.000000] PM: Registered nosave memory: [mem 0xfed20000-0xfedfffff]
[    0.000000] PM: Registered nosave memory: [mem 0xfee00000-0xfee00fff]
[    0.000000] PM: Registered nosave memory: [mem 0xfee01000-0xfeffffff]
[    0.000000] PM: Registered nosave memory: [mem 0xff000000-0xffffffff]
[    0.000000] e820: [mem 0xdf000000-0xf7ffffff] available for PCI devices
[    0.000000] Booting paravirtualized kernel on bare hardware
[    0.000000] clocksource: refined-jiffies: mask: 0xffffffff max_cycles: 0xffffffff, max_idle_ns: 6370452778343963 ns
[    0.000000] setup_percpu: NR_CPUS:128 nr_cpumask_bits:128 nr_cpu_ids:4 nr_node_ids:1
[    0.000000] percpu: Embedded 35 pages/cpu @ffff88021dc00000 s106328 r8192 d28840 u524288
[    0.000000] pcpu-alloc: s106328 r8192 d28840 u524288 alloc=1*2097152
[    0.000000] pcpu-alloc: [0] 0 1 2 3 
[    0.000000] Built 1 zonelists in Node order, mobility grouping on.  Total pages: 2046214
[    0.000000] Policy zone: Normal
[    0.000000] Kernel command line: initrd=\intel-ucode.img initrd=\initramfs-linux.img root=PARTUUID=baae3771-f397-4304-b130-7ea0da92a6d2 rw
[    0.000000] PID hash table entries: 4096 (order: 3, 32768 bytes)
[    0.000000] Calgary: detecting Calgary via BIOS EBDA area
[    0.000000] Calgary: Unable to locate Rio Grande table in EBDA - bailing!
[    0.000000] Memory: 7864880K/8314880K available (6539K kernel code, 1124K rwdata, 2048K rodata, 1324K init, 912K bss, 450000K reserved, 0K cma-reserved)
[    0.000000] SLUB: HWalign=64, Order=0-3, MinObjects=0, CPUs=4, Nodes=1
[    0.000000] ftrace: allocating 27931 entries in 110 pages
[    0.000000] Preemptible hierarchical RCU implementation.
[    0.000000] 	RCU restricting CPUs from NR_CPUS=128 to nr_cpu_ids=4.
[    0.000000] RCU: Adjusting geometry for rcu_fanout_leaf=16, nr_cpu_ids=4
[    0.000000] NR_IRQS:8448 nr_irqs:456 16
[    0.000000] Console: colour dummy device 80x25
[    0.000000] console [tty0] enabled
[    0.000000] clocksource: hpet: mask: 0xffffffff max_cycles: 0xffffffff, max_idle_ns: 133484882848 ns
[    0.000000] hpet clockevent registered
[    0.000000] tsc: Fast TSC calibration using PIT
[    0.003333] tsc: Detected 3200.077 MHz processor
[    0.003333] Calibrating delay loop (skipped), value calculated using timer frequency.. 6402.82 BogoMIPS (lpj=10666923)
[    0.003333] pid_max: default: 32768 minimum: 301
[    0.003333] ACPI: Core revision 20170303
[    0.011455] ACPI: 6 ACPI AML tables successfully acquired and loaded
[    0.011963] Security Framework initialized
[    0.011964] Yama: becoming mindful.
[    0.012220] Dentry cache hash table entries: 1048576 (order: 11, 8388608 bytes)
[    0.013269] Inode-cache hash table entries: 524288 (order: 10, 4194304 bytes)
[    0.013750] Mount-cache hash table entries: 16384 (order: 5, 131072 bytes)
[    0.013754] Mountpoint-cache hash table entries: 16384 (order: 5, 131072 bytes)
[    0.013913] CPU: Physical Processor ID: 0
[    0.013914] CPU: Processor Core ID: 0
[    0.013919] mce: CPU supports 9 MCE banks
[    0.013926] CPU0: Thermal monitoring enabled (TM1)
[    0.013937] process: using mwait in idle threads
[    0.013939] Last level iTLB entries: 4KB 1024, 2MB 1024, 4MB 1024
[    0.013939] Last level dTLB entries: 4KB 1024, 2MB 1024, 4MB 1024, 1GB 4
[    0.014100] Freeing SMP alternatives memory: 24K
[    0.021490] smpboot: Max logical packages: 1
[    0.021494] DMAR: Host address width 39
[    0.021495] DMAR: DRHD base: 0x000000fed90000 flags: 0x1
[    0.021501] DMAR: dmar0: reg_base_addr fed90000 ver 1:0 cap d2008c20660462 ecap f010da
[    0.021501] DMAR: RMRR base: 0x000000deea4000 end: 0x000000deeb2fff
[    0.021504] DMAR-IR: IOAPIC id 8 under DRHD base  0xfed90000 IOMMU 0
[    0.021505] DMAR-IR: HPET id 0 under DRHD base 0xfed90000
[    0.021506] DMAR-IR: Queued invalidation will be enabled to support x2apic and Intr-remapping.
[    0.021656] DMAR-IR: Enabled IRQ remapping in x2apic mode
[    0.021657] x2apic enabled
[    0.021661] Switched APIC routing to cluster x2apic.
[    0.022064] ..TIMER: vector=0x30 apic1=0 pin1=2 apic2=-1 pin2=-1
[    0.055077] TSC deadline timer enabled
[    0.055079] smpboot: CPU0: Intel(R) Core(TM) i5-4460  CPU @ 3.20GHz (family: 0x6, model: 0x3c, stepping: 0x3)
[    0.066671] Performance Events: PEBS fmt2+, Haswell events, 16-deep LBR, full-width counters, Intel PMU driver.
[    0.066698] ... version:                3
[    0.066698] ... bit width:              48
[    0.066699] ... generic registers:      8
[    0.066699] ... value mask:             0000ffffffffffff
[    0.066700] ... max period:             00007fffffffffff
[    0.066700] ... fixed-purpose events:   3
[    0.066700] ... event mask:             00000007000000ff
[    0.086720] NMI watchdog: enabled on all CPUs, permanently consumes one hw-PMU counter.
[    0.093334] smp: Bringing up secondary CPUs ...
[    0.120008] x86: Booting SMP configuration:
[    0.120008] .... node  #0, CPUs:      #1 #2 #3
[    0.423347] smp: Brought up 1 node, 4 CPUs
[    0.423347] smpboot: Total of 4 processors activated (25614.40 BogoMIPS)
[    0.425768] sched_clock: Marking stable (423333291, 0)->(427494132, -4160841)
[    0.425981] devtmpfs: initialized
[    0.426013] x86/mm: Memory block size: 128MB
[    0.427418] PM: Registering ACPI NVS region [mem 0xcb902000-0xcb908fff] (28672 bytes)
[    0.427419] PM: Registering ACPI NVS region [mem 0xdde93000-0xddfc7fff] (1265664 bytes)
[    0.427461] clocksource: jiffies: mask: 0xffffffff max_cycles: 0xffffffff, max_idle_ns: 6370867519511994 ns
[    0.427466] futex hash table entries: 1024 (order: 4, 65536 bytes)
[    0.427500] pinctrl core: initialized pinctrl subsystem
[    0.427530] RTC time: 10:34:38, date: 08/12/17
[    0.427584] NET: Registered protocol family 16
[    0.429977] cpuidle: using governor ladder
[    0.429992] cpuidle: using governor menu
[    0.429993] PCCT header not found.
[    0.430031] ACPI: bus type PCI registered
[    0.430032] acpiphp: ACPI Hot Plug PCI Controller Driver version: 0.5
[    0.430078] PCI: MMCONFIG for domain 0000 [bus 00-3f] at [mem 0xf8000000-0xfbffffff] (base 0xf8000000)
[    0.430079] PCI: MMCONFIG at [mem 0xf8000000-0xfbffffff] reserved in E820
[    0.430082] pmd_set_huge: Cannot satisfy [mem 0xf8000000-0xf8200000] with a huge-page mapping due to MTRR override.
[    0.430130] PCI: Using configuration type 1 for base access
[    0.430198] core: PMU erratum BJ122, BV98, HSD29 workaround disabled, HT off
[    0.430229] NMI watchdog: enabled on all CPUs, permanently consumes one hw-PMU counter.
[    0.430708] HugeTLB registered 1 GB page size, pre-allocated 0 pages
[    0.430708] HugeTLB registered 2 MB page size, pre-allocated 0 pages
[    0.430827] ACPI: Added _OSI(Module Device)
[    0.430828] ACPI: Added _OSI(Processor Device)
[    0.430829] ACPI: Added _OSI(3.0 _SCP Extensions)
[    0.430829] ACPI: Added _OSI(Processor Aggregator Device)
[    0.430956] ACPI: Executed 1 blocks of module-level executable AML code
[    0.434011] ACPI: [Firmware Bug]: BIOS _OSI(Linux) query ignored
[    0.434674] ACPI: Dynamic OEM Table Load:
[    0.434678] ACPI: SSDT 0xFFFF880213E4A800 0005AA (v01 PmRef  ApIst    00003000 INTL 20120711)
[    0.435536] ACPI: Interpreter enabled
[    0.435557] ACPI: (supports S0 S3 S4 S5)
[    0.435558] ACPI: Using IOAPIC for interrupt routing
[    0.435574] PCI: Using host bridge windows from ACPI; if necessary, use "pci=nocrs" and report a bug
[    0.442200] ACPI: Power Resource [FN00] (off)
[    0.442268] ACPI: Power Resource [FN01] (off)
[    0.442331] ACPI: Power Resource [FN02] (off)
[    0.442394] ACPI: Power Resource [FN03] (off)
[    0.442455] ACPI: Power Resource [FN04] (off)
[    0.442979] ACPI: PCI Root Bridge [PCI0] (domain 0000 [bus 00-3e])
[    0.442983] acpi PNP0A08:00: _OSC: OS supports [ExtendedConfig ASPM ClockPM Segments MSI]
[    0.443135] acpi PNP0A08:00: _OSC: platform does not support [PCIeHotplug PME]
[    0.443217] acpi PNP0A08:00: _OSC: OS now controls [AER PCIeCapability]
[    0.443491] PCI host bridge to bus 0000:00
[    0.443493] pci_bus 0000:00: root bus resource [io  0x0000-0x0cf7 window]
[    0.443494] pci_bus 0000:00: root bus resource [io  0x0d00-0xffff window]
[    0.443494] pci_bus 0000:00: root bus resource [mem 0x000a0000-0x000bffff window]
[    0.443495] pci_bus 0000:00: root bus resource [mem 0x000d0000-0x000d3fff window]
[    0.443496] pci_bus 0000:00: root bus resource [mem 0x000d4000-0x000d7fff window]
[    0.443496] pci_bus 0000:00: root bus resource [mem 0x000d8000-0x000dbfff window]
[    0.443497] pci_bus 0000:00: root bus resource [mem 0x000dc000-0x000dffff window]
[    0.443498] pci_bus 0000:00: root bus resource [mem 0xe0000000-0xfeafffff window]
[    0.443499] pci_bus 0000:00: root bus resource [bus 00-3e]
[    0.443503] pci 0000:00:00.0: [8086:0c00] type 00 class 0x060000
[    0.443567] pci 0000:00:01.0: [8086:0c01] type 01 class 0x060400
[    0.443593] pci 0000:00:01.0: PME# supported from D0 D3hot D3cold
[    0.443654] pci 0000:00:01.0: System wakeup disabled by ACPI
[    0.443696] pci 0000:00:14.0: [8086:8c31] type 00 class 0x0c0330
[    0.443711] pci 0000:00:14.0: reg 0x10: [mem 0xf7f00000-0xf7f0ffff 64bit]
[    0.443763] pci 0000:00:14.0: PME# supported from D3hot D3cold
[    0.443795] pci 0000:00:14.0: System wakeup disabled by ACPI
[    0.443817] pci 0000:00:16.0: [8086:8c3a] type 00 class 0x078000
[    0.443832] pci 0000:00:16.0: reg 0x10: [mem 0xf7f1a000-0xf7f1a00f 64bit]
[    0.443887] pci 0000:00:16.0: PME# supported from D0 D3hot D3cold
[    0.443944] pci 0000:00:1a.0: [8086:8c2d] type 00 class 0x0c0320
[    0.443958] pci 0000:00:1a.0: reg 0x10: [mem 0xf7f18000-0xf7f183ff]
[    0.444032] pci 0000:00:1a.0: PME# supported from D0 D3hot D3cold
[    0.444071] pci 0000:00:1a.0: System wakeup disabled by ACPI
[    0.444094] pci 0000:00:1b.0: [8086:8c20] type 00 class 0x040300
[    0.444107] pci 0000:00:1b.0: reg 0x10: [mem 0xf7f10000-0xf7f13fff 64bit]
[    0.444158] pci 0000:00:1b.0: PME# supported from D0 D3hot D3cold
[    0.444192] pci 0000:00:1b.0: System wakeup disabled by ACPI
[    0.444212] pci 0000:00:1c.0: [8086:8c10] type 01 class 0x060400
[    0.444268] pci 0000:00:1c.0: PME# supported from D0 D3hot D3cold
[    0.444322] pci 0000:00:1c.0: System wakeup disabled by ACPI
[    0.444343] pci 0000:00:1c.1: [8086:8c12] type 01 class 0x060400
[    0.444399] pci 0000:00:1c.1: PME# supported from D0 D3hot D3cold
[    0.444451] pci 0000:00:1c.1: System wakeup disabled by ACPI
[    0.444472] pci 0000:00:1c.3: [8086:244e] type 01 class 0x060401
[    0.444528] pci 0000:00:1c.3: PME# supported from D0 D3hot D3cold
[    0.444579] pci 0000:00:1c.3: System wakeup disabled by ACPI
[    0.444605] pci 0000:00:1d.0: [8086:8c26] type 00 class 0x0c0320
[    0.444620] pci 0000:00:1d.0: reg 0x10: [mem 0xf7f17000-0xf7f173ff]
[    0.444693] pci 0000:00:1d.0: PME# supported from D0 D3hot D3cold
[    0.444735] pci 0000:00:1d.0: System wakeup disabled by ACPI
[    0.444758] pci 0000:00:1f.0: [8086:8c50] type 00 class 0x060100
[    0.444895] pci 0000:00:1f.2: [8086:8c02] type 00 class 0x010601
[    0.444906] pci 0000:00:1f.2: reg 0x10: [io  0xf070-0xf077]
[    0.444912] pci 0000:00:1f.2: reg 0x14: [io  0xf060-0xf063]
[    0.444918] pci 0000:00:1f.2: reg 0x18: [io  0xf050-0xf057]
[    0.444924] pci 0000:00:1f.2: reg 0x1c: [io  0xf040-0xf043]
[    0.444930] pci 0000:00:1f.2: reg 0x20: [io  0xf020-0xf03f]
[    0.444936] pci 0000:00:1f.2: reg 0x24: [mem 0xf7f16000-0xf7f167ff]
[    0.444966] pci 0000:00:1f.2: PME# supported from D3hot
[    0.445012] pci 0000:00:1f.3: [8086:8c22] type 00 class 0x0c0500
[    0.445025] pci 0000:00:1f.3: reg 0x10: [mem 0xf7f15000-0xf7f150ff 64bit]
[    0.445041] pci 0000:00:1f.3: reg 0x20: [io  0xf000-0xf01f]
[    0.445126] pci 0000:01:00.0: [1002:6811] type 00 class 0x030000
[    0.445136] pci 0000:01:00.0: reg 0x10: [mem 0xe0000000-0xefffffff 64bit pref]
[    0.445142] pci 0000:01:00.0: reg 0x18: [mem 0xf7e00000-0xf7e3ffff 64bit]
[    0.445146] pci 0000:01:00.0: reg 0x20: [io  0xe000-0xe0ff]
[    0.445153] pci 0000:01:00.0: reg 0x30: [mem 0xf7e40000-0xf7e5ffff pref]
[    0.445180] pci 0000:01:00.0: supports D1 D2
[    0.445181] pci 0000:01:00.0: PME# supported from D1 D2 D3hot
[    0.445200] pci 0000:01:00.0: System wakeup disabled by ACPI
[    0.445219] pci 0000:01:00.1: [1002:aab0] type 00 class 0x040300
[    0.445228] pci 0000:01:00.1: reg 0x10: [mem 0xf7e60000-0xf7e63fff 64bit]
[    0.445268] pci 0000:01:00.1: supports D1 D2
[    0.453327] pci 0000:00:01.0: PCI bridge to [bus 01]
[    0.453328] pci 0000:00:01.0:   bridge window [io  0xe000-0xefff]
[    0.453329] pci 0000:00:01.0:   bridge window [mem 0xf7e00000-0xf7efffff]
[    0.453332] pci 0000:00:01.0:   bridge window [mem 0xe0000000-0xefffffff 64bit pref]
[    0.453377] acpiphp: Slot [1] registered
[    0.453381] pci 0000:00:1c.0: PCI bridge to [bus 02]
[    0.453440] pci 0000:03:00.0: [10ec:8168] type 00 class 0x020000
[    0.453462] pci 0000:03:00.0: reg 0x10: [io  0xd000-0xd0ff]
[    0.453488] pci 0000:03:00.0: reg 0x18: [mem 0xf0004000-0xf0004fff 64bit pref]
[    0.453505] pci 0000:03:00.0: reg 0x20: [mem 0xf0000000-0xf0003fff 64bit pref]
[    0.453590] pci 0000:03:00.0: supports D1 D2
[    0.453591] pci 0000:03:00.0: PME# supported from D0 D1 D2 D3hot D3cold
[    0.453630] pci 0000:03:00.0: System wakeup disabled by ACPI
[    0.463337] pci 0000:00:1c.1: PCI bridge to [bus 03]
[    0.463340] pci 0000:00:1c.1:   bridge window [io  0xd000-0xdfff]
[    0.463345] pci 0000:00:1c.1:   bridge window [mem 0xf0000000-0xf00fffff 64bit pref]
[    0.463403] pci 0000:04:00.0: [1b21:1080] type 01 class 0x060400
[    0.463529] pci 0000:04:00.0: supports D1 D2
[    0.463529] pci 0000:04:00.0: PME# supported from D0 D1 D2 D3hot D3cold
[    0.463557] pci 0000:04:00.0: System wakeup disabled by ACPI
[    0.473336] pci 0000:00:1c.3: PCI bridge to [bus 04-05] (subtractive decode)
[    0.473340] pci 0000:00:1c.3:   bridge window [mem 0xf7d00000-0xf7dfffff]
[    0.473344] pci 0000:00:1c.3:   bridge window [io  0x0000-0x0cf7 window] (subtractive decode)
[    0.473345] pci 0000:00:1c.3:   bridge window [io  0x0d00-0xffff window] (subtractive decode)
[    0.473346] pci 0000:00:1c.3:   bridge window [mem 0x000a0000-0x000bffff window] (subtractive decode)
[    0.473347] pci 0000:00:1c.3:   bridge window [mem 0x000d0000-0x000d3fff window] (subtractive decode)
[    0.473347] pci 0000:00:1c.3:   bridge window [mem 0x000d4000-0x000d7fff window] (subtractive decode)
[    0.473348] pci 0000:00:1c.3:   bridge window [mem 0x000d8000-0x000dbfff window] (subtractive decode)
[    0.473348] pci 0000:00:1c.3:   bridge window [mem 0x000dc000-0x000dffff window] (subtractive decode)
[    0.473349] pci 0000:00:1c.3:   bridge window [mem 0xe0000000-0xfeafffff window] (subtractive decode)
[    0.473413] pci 0000:05:01.0: [168c:002d] type 00 class 0x028000
[    0.473436] pci 0000:05:01.0: reg 0x10: [mem 0xf7d00000-0xf7d0ffff]
[    0.473625] pci 0000:04:00.0: PCI bridge to [bus 05]
[    0.473636] pci 0000:04:00.0:   bridge window [mem 0xf7d00000-0xf7dfffff]
[    0.474175] ACPI: PCI Interrupt Link [LNKA] (IRQs 3 4 5 6 10 *11 12 14 15)
[    0.474207] ACPI: PCI Interrupt Link [LNKB] (IRQs 3 4 5 6 *10 11 12 14 15)
[    0.474239] ACPI: PCI Interrupt Link [LNKC] (IRQs *3 4 5 6 10 11 12 14 15)
[    0.474270] ACPI: PCI Interrupt Link [LNKD] (IRQs *3 4 5 6 10 11 12 14 15)
[    0.474301] ACPI: PCI Interrupt Link [LNKE] (IRQs 3 4 5 6 10 11 12 14 15) *0, disabled.
[    0.474332] ACPI: PCI Interrupt Link [LNKF] (IRQs 3 4 5 6 10 11 12 14 15) *0, disabled.
[    0.474363] ACPI: PCI Interrupt Link [LNKG] (IRQs 3 4 5 6 10 *11 12 14 15)
[    0.474394] ACPI: PCI Interrupt Link [LNKH] (IRQs 3 4 5 6 *10 11 12 14 15)
[    0.474621] ACPI: Enabled 6 GPEs in block 00 to 3F
[    0.474682] pci 0000:01:00.0: vgaarb: setting as boot VGA device
[    0.474683] pci 0000:01:00.0: vgaarb: VGA device added: decodes=io+mem,owns=io+mem,locks=none
[    0.474684] pci 0000:01:00.0: vgaarb: bridge control possible
[    0.474685] vgaarb: loaded
[    0.474707] EDAC MC: Ver: 3.0.0
[    0.474770] Registered efivars operations
[    0.478848] PCI: Using ACPI for IRQ routing
[    0.480043] PCI: pci_cache_line_size set to 64 bytes
[    0.480082] e820: reserve RAM buffer [mem 0x00058000-0x0005ffff]
[    0.480083] e820: reserve RAM buffer [mem 0x0009f000-0x0009ffff]
[    0.480083] e820: reserve RAM buffer [mem 0xca757018-0xcbffffff]
[    0.480084] e820: reserve RAM buffer [mem 0xca765018-0xcbffffff]
[    0.480085] e820: reserve RAM buffer [mem 0xcb902000-0xcbffffff]
[    0.480085] e820: reserve RAM buffer [mem 0xcbd4d000-0xcbffffff]
[    0.480086] e820: reserve RAM buffer [mem 0xdddaa000-0xdfffffff]
[    0.480087] e820: reserve RAM buffer [mem 0xdde93000-0xdfffffff]
[    0.480087] e820: reserve RAM buffer [mem 0xdf000000-0xdfffffff]
[    0.480088] e820: reserve RAM buffer [mem 0x21e000000-0x21fffffff]
[    0.480139] NetLabel: Initializing
[    0.480140] NetLabel:  domain hash size = 128
[    0.480140] NetLabel:  protocols = UNLABELED CIPSOv4 CALIPSO
[    0.480150] NetLabel:  unlabeled traffic allowed by default
[    0.480362] hpet0: at MMIO 0xfed00000, IRQs 2, 8, 0, 0, 0, 0, 0, 0
[    0.480365] hpet0: 8 comparators, 64-bit 14.318180 MHz counter
[    0.482380] clocksource: Switched to clocksource hpet
[    0.488882] VFS: Disk quotas dquot_6.6.0
[    0.488892] VFS: Dquot-cache hash table entries: 512 (order 0, 4096 bytes)
[    0.488939] pnp: PnP ACPI init
[    0.488990] system 00:00: [mem 0xfed40000-0xfed44fff] has been reserved
[    0.488992] system 00:00: Plug and Play ACPI device, IDs PNP0c01 (active)
[    0.489116] system 00:01: [io  0x0680-0x069f] has been reserved
[    0.489117] system 00:01: [io  0xffff] has been reserved
[    0.489118] system 00:01: [io  0xffff] has been reserved
[    0.489118] system 00:01: [io  0xffff] has been reserved
[    0.489119] system 00:01: [io  0x1c00-0x1cfe] has been reserved
[    0.489120] system 00:01: [io  0x1d00-0x1dfe] has been reserved
[    0.489121] system 00:01: [io  0x1e00-0x1efe] has been reserved
[    0.489122] system 00:01: [io  0x1f00-0x1ffe] has been reserved
[    0.489122] system 00:01: [io  0x1800-0x18fe] has been reserved
[    0.489123] system 00:01: [io  0x164e-0x164f] has been reserved
[    0.489125] system 00:01: Plug and Play ACPI device, IDs PNP0c02 (active)
[    0.489139] pnp 00:02: Plug and Play ACPI device, IDs PNP0b00 (active)
[    0.489167] system 00:03: [io  0x1854-0x1857] has been reserved
[    0.489169] system 00:03: Plug and Play ACPI device, IDs INT3f0d PNP0c02 (active)
[    0.489235] system 00:04: [io  0x0a00-0x0a0f] has been reserved
[    0.489236] system 00:04: [io  0x0a10-0x0a1f] has been reserved
[    0.489237] system 00:04: Plug and Play ACPI device, IDs PNP0c02 (active)
[    0.489336] pnp 00:05: [dma 0 disabled]
[    0.489362] pnp 00:05: Plug and Play ACPI device, IDs PNP0501 (active)
[    0.489513] pnp 00:06: [dma 0 disabled]
[    0.489567] pnp 00:06: Plug and Play ACPI device, IDs PNP0400 (active)
[    0.489598] system 00:07: [io  0x04d0-0x04d1] has been reserved
[    0.489600] system 00:07: Plug and Play ACPI device, IDs PNP0c02 (active)
[    0.489869] system 00:08: [mem 0xfed1c000-0xfed1ffff] has been reserved
[    0.489870] system 00:08: [mem 0xfed10000-0xfed17fff] has been reserved
[    0.489871] system 00:08: [mem 0xfed18000-0xfed18fff] has been reserved
[    0.489871] system 00:08: [mem 0xfed19000-0xfed19fff] has been reserved
[    0.489872] system 00:08: [mem 0xf8000000-0xfbffffff] has been reserved
[    0.489873] system 00:08: [mem 0xfed20000-0xfed3ffff] has been reserved
[    0.489874] system 00:08: [mem 0xfed90000-0xfed93fff] could not be reserved
[    0.489875] system 00:08: [mem 0xfed45000-0xfed8ffff] has been reserved
[    0.489876] system 00:08: [mem 0xff000000-0xffffffff] has been reserved
[    0.489877] system 00:08: [mem 0xfee00000-0xfeefffff] could not be reserved
[    0.489878] system 00:08: [mem 0xf7fdf000-0xf7fdffff] has been reserved
[    0.489878] system 00:08: [mem 0xf7fe0000-0xf7feffff] has been reserved
[    0.489880] system 00:08: Plug and Play ACPI device, IDs PNP0c02 (active)
[    0.490018] pnp: PnP ACPI: found 9 devices
[    0.495670] clocksource: acpi_pm: mask: 0xffffff max_cycles: 0xffffff, max_idle_ns: 2085701024 ns
[    0.495683] pci 0000:00:1c.0: bridge window [io  0x1000-0x0fff] to [bus 02] add_size 1000
[    0.495685] pci 0000:00:1c.0: bridge window [mem 0x00100000-0x000fffff 64bit pref] to [bus 02] add_size 200000 add_align 100000
[    0.495686] pci 0000:00:1c.0: bridge window [mem 0x00100000-0x000fffff] to [bus 02] add_size 200000 add_align 100000
[    0.495712] pci 0000:00:1c.0: BAR 14: assigned [mem 0xf0100000-0xf02fffff]
[    0.495720] pci 0000:00:1c.0: BAR 15: assigned [mem 0xf0300000-0xf04fffff 64bit pref]
[    0.495721] pci 0000:00:1c.0: BAR 13: assigned [io  0x2000-0x2fff]
[    0.495723] pci 0000:00:01.0: PCI bridge to [bus 01]
[    0.495724] pci 0000:00:01.0:   bridge window [io  0xe000-0xefff]
[    0.495726] pci 0000:00:01.0:   bridge window [mem 0xf7e00000-0xf7efffff]
[    0.495727] pci 0000:00:01.0:   bridge window [mem 0xe0000000-0xefffffff 64bit pref]
[    0.495729] pci 0000:00:1c.0: PCI bridge to [bus 02]
[    0.495731] pci 0000:00:1c.0:   bridge window [io  0x2000-0x2fff]
[    0.495735] pci 0000:00:1c.0:   bridge window [mem 0xf0100000-0xf02fffff]
[    0.495737] pci 0000:00:1c.0:   bridge window [mem 0xf0300000-0xf04fffff 64bit pref]
[    0.495741] pci 0000:00:1c.1: PCI bridge to [bus 03]
[    0.495743] pci 0000:00:1c.1:   bridge window [io  0xd000-0xdfff]
[    0.495748] pci 0000:00:1c.1:   bridge window [mem 0xf0000000-0xf00fffff 64bit pref]
[    0.495753] pci 0000:04:00.0: PCI bridge to [bus 05]
[    0.495759] pci 0000:04:00.0:   bridge window [mem 0xf7d00000-0xf7dfffff]
[    0.495770] pci 0000:00:1c.3: PCI bridge to [bus 04-05]
[    0.495774] pci 0000:00:1c.3:   bridge window [mem 0xf7d00000-0xf7dfffff]
[    0.495780] pci_bus 0000:00: resource 4 [io  0x0000-0x0cf7 window]
[    0.495781] pci_bus 0000:00: resource 5 [io  0x0d00-0xffff window]
[    0.495782] pci_bus 0000:00: resource 6 [mem 0x000a0000-0x000bffff window]
[    0.495782] pci_bus 0000:00: resource 7 [mem 0x000d0000-0x000d3fff window]
[    0.495783] pci_bus 0000:00: resource 8 [mem 0x000d4000-0x000d7fff window]
[    0.495784] pci_bus 0000:00: resource 9 [mem 0x000d8000-0x000dbfff window]
[    0.495784] pci_bus 0000:00: resource 10 [mem 0x000dc000-0x000dffff window]
[    0.495785] pci_bus 0000:00: resource 11 [mem 0xe0000000-0xfeafffff window]
[    0.495786] pci_bus 0000:01: resource 0 [io  0xe000-0xefff]
[    0.495786] pci_bus 0000:01: resource 1 [mem 0xf7e00000-0xf7efffff]
[    0.495787] pci_bus 0000:01: resource 2 [mem 0xe0000000-0xefffffff 64bit pref]
[    0.495788] pci_bus 0000:02: resource 0 [io  0x2000-0x2fff]
[    0.495789] pci_bus 0000:02: resource 1 [mem 0xf0100000-0xf02fffff]
[    0.495789] pci_bus 0000:02: resource 2 [mem 0xf0300000-0xf04fffff 64bit pref]
[    0.495790] pci_bus 0000:03: resource 0 [io  0xd000-0xdfff]
[    0.495791] pci_bus 0000:03: resource 2 [mem 0xf0000000-0xf00fffff 64bit pref]
[    0.495791] pci_bus 0000:04: resource 1 [mem 0xf7d00000-0xf7dfffff]
[    0.495792] pci_bus 0000:04: resource 4 [io  0x0000-0x0cf7 window]
[    0.495793] pci_bus 0000:04: resource 5 [io  0x0d00-0xffff window]
[    0.495793] pci_bus 0000:04: resource 6 [mem 0x000a0000-0x000bffff window]
[    0.495794] pci_bus 0000:04: resource 7 [mem 0x000d0000-0x000d3fff window]
[    0.495795] pci_bus 0000:04: resource 8 [mem 0x000d4000-0x000d7fff window]
[    0.495795] pci_bus 0000:04: resource 9 [mem 0x000d8000-0x000dbfff window]
[    0.495796] pci_bus 0000:04: resource 10 [mem 0x000dc000-0x000dffff window]
[    0.495797] pci_bus 0000:04: resource 11 [mem 0xe0000000-0xfeafffff window]
[    0.495798] pci_bus 0000:05: resource 1 [mem 0xf7d00000-0xf7dfffff]
[    0.495869] NET: Registered protocol family 2
[    0.495960] TCP established hash table entries: 65536 (order: 7, 524288 bytes)
[    0.496034] TCP bind hash table entries: 65536 (order: 8, 1048576 bytes)
[    0.496139] TCP: Hash tables configured (established 65536 bind 65536)
[    0.496161] UDP hash table entries: 4096 (order: 5, 131072 bytes)
[    0.496178] UDP-Lite hash table entries: 4096 (order: 5, 131072 bytes)
[    0.496215] NET: Registered protocol family 1
[    0.496552] pci 0000:01:00.0: Video device with shadowed ROM at [mem 0x000c0000-0x000dffff]
[    0.496561] PCI: CLS 64 bytes, default 64
[    0.496585] Unpacking initramfs...
[    0.567739] Freeing initrd memory: 7656K
[    0.567761] PCI-DMA: Using software bounce buffering for IO (SWIOTLB)
[    0.567763] software IO TLB [mem 0xc6757000-0xca757000] (64MB) mapped at [ffff8800c6757000-ffff8800ca756fff]
[    0.567907] Scanning for low memory corruption every 60 seconds
[    0.568254] Initialise system trusted keyrings
[    0.568261] Key type blacklist registered
[    0.568292] workingset: timestamp_bits=40 max_order=21 bucket_order=0
[    0.568950] zbud: loaded
[    0.569425] Key type asymmetric registered
[    0.569435] Block layer SCSI generic (bsg) driver version 0.4 loaded (major 249)
[    0.569453] io scheduler noop registered
[    0.569454] io scheduler deadline registered
[    0.569473] io scheduler cfq registered (default)
[    0.569473] io scheduler mq-deadline registered
[    0.569474] io scheduler kyber registered
[    0.569488] io scheduler bfq registered
[    0.569831] efifb: probing for efifb
[    0.569841] efifb: framebuffer at 0xe0000000, using 3072k, total 3072k
[    0.569841] efifb: mode is 1024x768x32, linelength=4096, pages=1
[    0.569842] efifb: scrolling: redraw
[    0.569843] efifb: Truecolor: size=8:8:8:8, shift=24:16:8:0
[    0.571016] Console: switching to colour frame buffer device 128x48
[    0.572121] fb0: EFI VGA frame buffer device
[    0.572125] intel_idle: MWAIT substates: 0x42120
[    0.572126] intel_idle: v0.4.1 model 0x3C
[    0.572220] intel_idle: lapic_timer_reliable_states 0xffffffff
[    0.572305] GHES: HEST is not enabled!
[    0.572348] Serial: 8250/16550 driver, 4 ports, IRQ sharing enabled
[    0.592876] 00:05: ttyS0 at I/O 0x3f8 (irq = 4, base_baud = 115200) is a 16550A
[    0.593253] Linux agpgart interface v0.103
[    0.593481] rtc_cmos 00:02: RTC can wake from S4
[    0.593594] rtc_cmos 00:02: rtc core: registered rtc_cmos as rtc0
[    0.593618] rtc_cmos 00:02: alarms up to one month, y3k, 242 bytes nvram, hpet irqs
[    0.593624] intel_pstate: Intel P-state driver initializing
[    0.593832] ledtrig-cpu: registered to indicate activity on CPUs
[    0.593920] vlv2_plat_clk vlv2_plat_clk: vlv2_plat_clk initialized
[    0.594341] NET: Registered protocol family 10
[    0.601841] Segment Routing with IPv6
[    0.601890] NET: Registered protocol family 17
[    0.602444] RAS: Correctable Errors collector initialized.
[    0.602499] microcode: sig=0x306c3, pf=0x2, revision=0x22
[    0.602715] microcode: Microcode Update Driver: v2.2.
[    0.603178] registered taskstats version 1
[    0.603190] Loading compiled-in X.509 certificates
[    0.603219] zswap: loaded using pool lzo/zbud
[    0.604301]   Magic number: 13:3:578
[    0.604321] platform pcspkr: hash matches
[    0.604483] rtc_cmos 00:02: setting system clock to 2017-08-12 10:34:38 UTC (1502534078)
[    0.606044] PM: Hibernation image not present or could not be loaded.
[    0.608798] Freeing unused kernel memory: 1324K
[    0.608800] Write protecting the kernel read-only data: 10240k
[    0.609581] Freeing unused kernel memory: 1640K
[    0.657912] i8042: PNP: No PS/2 controller found.
[    0.661957] ACPI: bus type USB registered
[    0.661971] usbcore: registered new interface driver usbfs
[    0.661977] usbcore: registered new interface driver hub
[    0.661994] usbcore: registered new device driver usb
[    0.662567] ehci_hcd: USB 2.0 'Enhanced' Host Controller (EHCI) Driver
[    0.662943] ehci-pci: EHCI PCI platform driver
[    0.663027] SCSI subsystem initialized
[    0.663074] ehci-pci 0000:00:1a.0: EHCI Host Controller
[    0.663078] ehci-pci 0000:00:1a.0: new USB bus registered, assigned bus number 1
[    0.663089] ehci-pci 0000:00:1a.0: debug port 2
[    0.663845] libata version 3.00 loaded.
[    0.666989] ehci-pci 0000:00:1a.0: cache line size of 64 is not supported
[    0.667002] ehci-pci 0000:00:1a.0: irq 16, io mem 0xf7f18000
[    0.682474] ehci-pci 0000:00:1a.0: USB 2.0 started, EHCI 1.00
[    0.682687] hub 1-0:1.0: USB hub found
[    0.682692] hub 1-0:1.0: 2 ports detected
[    0.682910] ehci-pci 0000:00:1d.0: EHCI Host Controller
[    0.682914] ehci-pci 0000:00:1d.0: new USB bus registered, assigned bus number 2
[    0.682924] ehci-pci 0000:00:1d.0: debug port 2
[    0.686823] ehci-pci 0000:00:1d.0: cache line size of 64 is not supported
[    0.686833] ehci-pci 0000:00:1d.0: irq 23, io mem 0xf7f17000
[    0.692806] i8042: PNP: No PS/2 controller found.
[    0.699077] ehci-pci 0000:00:1d.0: USB 2.0 started, EHCI 1.00
[    0.699259] hub 2-0:1.0: USB hub found
[    0.699264] hub 2-0:1.0: 2 ports detected
[    0.699515] xhci_hcd 0000:00:14.0: xHCI Host Controller
[    0.699524] xhci_hcd 0000:00:14.0: new USB bus registered, assigned bus number 3
[    0.700610] xhci_hcd 0000:00:14.0: hcc params 0x200077c1 hci version 0x100 quirks 0x00009810
[    0.700614] xhci_hcd 0000:00:14.0: cache line size of 64 is not supported
[    0.700896] hub 3-0:1.0: USB hub found
[    0.700914] hub 3-0:1.0: 12 ports detected
[    0.704720] xhci_hcd 0000:00:14.0: xHCI Host Controller
[    0.704724] xhci_hcd 0000:00:14.0: new USB bus registered, assigned bus number 4
[    0.704907] hub 4-0:1.0: USB hub found
[    0.704920] hub 4-0:1.0: 6 ports detected
[    0.706441] ahci 0000:00:1f.2: version 3.0
[    0.706672] ahci 0000:00:1f.2: AHCI 0001.0300 32 slots 6 ports 6 Gbps 0x3 impl SATA mode
[    0.706675] ahci 0000:00:1f.2: flags: 64bit ncq led clo pio slum part ems apst 
[    0.716432] scsi host0: ahci
[    0.716627] scsi host1: ahci
[    0.716750] scsi host2: ahci
[    0.716841] scsi host3: ahci
[    0.716926] scsi host4: ahci
[    0.716994] scsi host5: ahci
[    0.717028] ata1: SATA max UDMA/133 abar m2048@0xf7f16000 port 0xf7f16100 irq 27
[    0.717030] ata2: SATA max UDMA/133 abar m2048@0xf7f16000 port 0xf7f16180 irq 27
[    0.717031] ata3: DUMMY
[    0.717032] ata4: DUMMY
[    0.717032] ata5: DUMMY
[    0.717033] ata6: DUMMY
[    1.002398] usb 1-1: new high-speed USB device number 2 using ehci-pci
[    1.019077] usb 2-1: new high-speed USB device number 2 using ehci-pci
[    1.022415] usb 3-2: new high-speed USB device number 2 using xhci_hcd
[    1.029290] ata1: SATA link up 6.0 Gbps (SStatus 133 SControl 300)
[    1.032633] ata2: SATA link up 6.0 Gbps (SStatus 133 SControl 300)
[    1.036208] ata1.00: ATA-9: SanDisk SDSSDA120G, Z32080RL, max UDMA/133
[    1.036211] ata1.00: 234441648 sectors, multi 1: LBA48 NCQ (depth 31/32), AA
[    1.052877] ata1.00: configured for UDMA/133
[    1.053156] scsi 0:0:0:0: Direct-Access     ATA      SanDisk SDSSDA12 80RL PQ: 0 ANSI: 5
[    1.074858] ata2.00: ATA-9: ST2000DX001-1CM164, CC43, max UDMA/133
[    1.074862] ata2.00: 3907029168 sectors, multi 16: LBA48 NCQ (depth 31/32), AA
[    1.108234] ata2.00: configured for UDMA/133
[    1.112011] scsi 1:0:0:0: Direct-Access     ATA      ST2000DX001-1CM1 CC43 PQ: 0 ANSI: 5
[    1.140053] hub 1-1:1.0: USB hub found
[    1.140195] hub 1-1:1.0: 6 ports detected
[    1.155908] hidraw: raw HID events driver (C) Jiri Kosina
[    1.156350] hub 2-1:1.0: USB hub found
[    1.156412] hub 2-1:1.0: 6 ports detected
[    1.157251] usbcore: registered new interface driver usbhid
[    1.157254] usbhid: USB HID core driver
[    1.158464] input: aune  X1S USB DAC as /devices/pci0000:00/0000:00:14.0/usb3/3-2/3-2:1.3/0003:20B1:3023.0001/input/input0
[    1.165983] sd 0:0:0:0: [sda] 234441648 512-byte logical blocks: (120 GB/112 GiB)
[    1.165993] sd 0:0:0:0: [sda] Write Protect is off
[    1.165994] sd 1:0:0:0: [sdb] 3907029168 512-byte logical blocks: (2.00 TB/1.82 TiB)
[    1.165995] sd 0:0:0:0: [sda] Mode Sense: 00 3a 00 00
[    1.165996] sd 1:0:0:0: [sdb] 4096-byte physical blocks
[    1.166006] sd 1:0:0:0: [sdb] Write Protect is off
[    1.166007] sd 1:0:0:0: [sdb] Mode Sense: 00 3a 00 00
[    1.166009] sd 0:0:0:0: [sda] Write cache: enabled, read cache: enabled, doesn't support DPO or FUA
[    1.166040] sd 1:0:0:0: [sdb] Write cache: enabled, read cache: enabled, doesn't support DPO or FUA
[    1.167433]  sda: sda1 sda2 sda3 sda4
[    1.167899] sd 0:0:0:0: [sda] Attached SCSI disk
[    1.169660]  sdb: sdb1 sdb2 sdb3 sdb4 sdb5 sdb6 sdb7 sdb8
[    1.170222] sd 1:0:0:0: [sdb] Attached SCSI disk
[    1.215889] hid-generic 0003:20B1:3023.0001: input,hidraw0: USB HID v1.10 Device [aune  X1S USB DAC] on usb-0000:00:14.0-2/input3
[    1.232924] random: fast init done
[    1.265819] usb 4-5: new SuperSpeed USB device number 2 using xhci_hcd
[    1.285248] usbcore: registered new interface driver usb-storage
[    1.287110] scsi host6: uas
[    1.287182] usbcore: registered new interface driver uas
[    1.287634] scsi 6:0:0:0: Direct-Access     Seagate  Expansion        1805 PQ: 0 ANSI: 6
[    1.330303] sd 6:0:0:0: [sdc] 1953525167 512-byte logical blocks: (1.00 TB/932 GiB)
[    1.330306] sd 6:0:0:0: [sdc] 4096-byte physical blocks
[    1.330498] sd 6:0:0:0: [sdc] Write Protect is off
[    1.330502] sd 6:0:0:0: [sdc] Mode Sense: 53 00 00 08
[    1.330815] sd 6:0:0:0: [sdc] Write cache: enabled, read cache: enabled, doesn't support DPO or FUA
[    1.355658]  sdc: sdc1
[    1.356935] sd 6:0:0:0: [sdc] Attached SCSI disk
[    1.395721] usb 3-3: new full-speed USB device number 3 using xhci_hcd
[    1.528800] input: Razer Razer DeathAdder 2013 as /devices/pci0000:00/0000:00:14.0/usb3/3-3/3-3:1.0/0003:1532:0037.0002/input/input1
[    1.528856] hid-generic 0003:1532:0037.0002: input,hidraw1: USB HID v1.11 Mouse [Razer Razer DeathAdder 2013] on usb-0000:00:14.0-3/input0
[    1.530235] input: Razer Razer DeathAdder 2013 as /devices/pci0000:00/0000:00:14.0/usb3/3-3/3-3:1.1/0003:1532:0037.0003/input/input2
[    1.572389] tsc: Refined TSC clocksource calibration: 3199.996 MHz
[    1.572396] clocksource: tsc: mask: 0xffffffffffffffff max_cycles: 0x2e20460fd56, max_idle_ns: 440795299145 ns
[    1.585745] hid-generic 0003:1532:0037.0003: input,hidraw2: USB HID v1.11 Keyboard [Razer Razer DeathAdder 2013] on usb-0000:00:14.0-3/input1
[    1.586278] input: Razer Razer DeathAdder 2013 as /devices/pci0000:00/0000:00:14.0/usb3/3-3/3-3:1.2/0003:1532:0037.0004/input/input3
[    1.642473] hid-generic 0003:1532:0037.0004: input,hidraw3: USB HID v1.11 Keyboard [Razer Razer DeathAdder 2013] on usb-0000:00:14.0-3/input2
[    1.755707] usb 3-4: new low-speed USB device number 4 using xhci_hcd
[    1.974408] input: TypeMatrix.com USB Keyboard as /devices/pci0000:00/0000:00:14.0/usb3/3-4/3-4:1.0/0003:1E54:2030.0005/input/input4
[    2.029124] hid-generic 0003:1E54:2030.0005: input,hidraw4: USB HID v1.10 Keyboard [TypeMatrix.com USB Keyboard] on usb-0000:00:14.0-4/input0
[    2.042436] input: TypeMatrix.com USB Keyboard as /devices/pci0000:00/0000:00:14.0/usb3/3-4/3-4:1.1/0003:1E54:2030.0006/input/input5
[    2.099205] hid-generic 0003:1E54:2030.0006: input,hiddev0,hidraw5: USB HID v1.10 Device [TypeMatrix.com USB Keyboard] on usb-0000:00:14.0-4/input1
[    2.212374] usb 3-12: new full-speed USB device number 5 using xhci_hcd
[    2.328000] EXT4-fs (sda3): mounted filesystem with ordered data mode. Opts: (null)
[    2.458911] ip_tables: (C) 2000-2006 Netfilter Core Team
[    2.464197] systemd[1]: systemd 234 running in system mode. (+PAM -AUDIT -SELINUX -IMA -APPARMOR +SMACK -SYSVINIT +UTMP +LIBCRYPTSETUP +GCRYPT +GNUTLS +ACL +XZ +LZ4 +SECCOMP +BLKID +ELFUTILS +KMOD -IDN2 +IDN default-hierarchy=hybrid)
[    2.464283] systemd[1]: Detected architecture x86-64.
[    2.467097] systemd[1]: Set hostname to <arch>.
[    2.567462] systemd[1]: Listening on LVM2 metadata daemon socket.
[    2.567560] systemd[1]: Listening on Device-mapper event daemon FIFOs.
[    2.567625] systemd[1]: Started Forward Password Requests to Wall Directory Watch.
[    2.567690] systemd[1]: Started Dispatch Password Requests to Console Directory Watch.
[    2.567962] systemd[1]: Created slice User and Session Slice.
[    2.568748] systemd[1]: Listening on Process Core Dump Socket.
[    2.568801] systemd[1]: Reached target Encrypted Volumes.
[    2.585827] EXT4-fs (sda3): re-mounted. Opts: data=ordered
[    2.585953] clocksource: Switched to clocksource tsc
[    2.617046] systemd-journald[191]: Received request to flush runtime journal from PID 1
[    2.750823] random: crng init done
[    2.865538] input: Power Button as /devices/LNXSYSTM:00/LNXSYBUS:00/PNP0C0C:00/input/input6
[    2.865541] ACPI: Power Button [PWRB]
[    2.865574] input: Power Button as /devices/LNXSYSTM:00/LNXPWRBN:00/input/input7
[    2.865575] ACPI: Power Button [PWRF]
[    2.874525] wmi: Mapper loaded
[    2.874710] i8042: PNP: No PS/2 controller found.
[    2.874848] shpchp: Standard Hot Plug PCI Controller Driver version: 0.4
[    2.876535] parport_pc 00:06: reported by Plug and Play ACPI
[    2.876601] parport0: PC-style at 0x378, irq 5 [PCSPP]
[    2.898432] (NULL device *): hwmon_device_register() is deprecated. Please convert the driver to use hwmon_device_register_with_info().
[    2.898521] thermal LNXTHERM:00: registered as thermal_zone0
[    2.898522] ACPI: Thermal Zone [TZ00] (28 C)
[    2.898669] thermal LNXTHERM:01: registered as thermal_zone1
[    2.898669] ACPI: Thermal Zone [TZ01] (30 C)
[    2.933951] i8042: PNP: No PS/2 controller found.
[    2.935883] mousedev: PS/2 mouse device common for all mice
[    2.936162] usblp 3-12:1.0: usblp1: USB Bidirectional printer dev 5 if 0 alt 0 proto 2 vid 0x0FE6 pid 0x811E
[    2.936181] usbcore: registered new interface driver usblp
[    2.963588] r8169 Gigabit Ethernet driver 2.3LK-NAPI loaded
[    2.963890] ACPI Warning: SystemIO range 0x0000000000001828-0x000000000000182F conflicts with OpRegion 0x0000000000001800-0x000000000000187F (\PMIO) (20170303/utaddress-247)
[    2.963894] ACPI: If an ACPI driver is available for this device, you should use it instead of the native driver
[    2.963896] ACPI Warning: SystemIO range 0x0000000000001C40-0x0000000000001C4F conflicts with OpRegion 0x0000000000001C00-0x0000000000001FFF (\GPR) (20170303/utaddress-247)
[    2.963898] ACPI: If an ACPI driver is available for this device, you should use it instead of the native driver
[    2.963899] ACPI Warning: SystemIO range 0x0000000000001C30-0x0000000000001C3F conflicts with OpRegion 0x0000000000001C00-0x0000000000001C3F (\GPRL) (20170303/utaddress-247)
[    2.963901] ACPI Warning: SystemIO range 0x0000000000001C30-0x0000000000001C3F conflicts with OpRegion 0x0000000000001C00-0x0000000000001FFF (\GPR) (20170303/utaddress-247)
[    2.963902] ACPI: If an ACPI driver is available for this device, you should use it instead of the native driver
[    2.963903] ACPI Warning: SystemIO range 0x0000000000001C00-0x0000000000001C2F conflicts with OpRegion 0x0000000000001C00-0x0000000000001C3F (\GPRL) (20170303/utaddress-247)
[    2.963904] ACPI Warning: SystemIO range 0x0000000000001C00-0x0000000000001C2F conflicts with OpRegion 0x0000000000001C00-0x0000000000001FFF (\GPR) (20170303/utaddress-247)
[    2.963906] ACPI: If an ACPI driver is available for this device, you should use it instead of the native driver
[    2.963906] lpc_ich: Resource conflict(s) found affecting gpio_ich
[    2.964164] i801_smbus 0000:00:1f.3: SPD Write Disable is set
[    2.964183] i801_smbus 0000:00:1f.3: SMBus using PCI interrupt
[    2.965077] r8169 0000:03:00.0 eth0: RTL8168evl/8111evl at 0xffff93f540db9000, 44:8a:5b:8c:cb:06, XID 0c900800 IRQ 29
[    2.965078] r8169 0000:03:00.0 eth0: jumbo features [frames: 9200 bytes, tx checksumming: ko]
[    3.008499] usbcore: registered new interface driver snd-usb-audio
[    3.201070] snd_hda_intel 0000:00:1b.0: enabling device (0000 -> 0002)
[    3.201379] snd_hda_intel 0000:01:00.1: Handle vga_switcheroo audio client
[    3.201381] snd_hda_intel 0000:01:00.1: Force to non-snoop mode
[    3.205909] input: PC Speaker as /devices/platform/pcspkr/input/input8
[    3.207280] ppdev: user-space parallel port driver
[    3.368328] EXT4-fs (sdb7): mounted filesystem with ordered data mode. Opts: (null)
[    3.434127] Adding 8388604k swap on /dev/sda2.  Priority:-1 extents:1 across:8388604k SSDscFS
[    3.442217] snd_hda_codec_realtek hdaudioC1D0: autoconfig for ALC892: line_outs=4 (0x14/0x15/0x16/0x17/0x0) type:line
[    3.442218] snd_hda_codec_realtek hdaudioC1D0:    speaker_outs=0 (0x0/0x0/0x0/0x0/0x0)
[    3.442218] snd_hda_codec_realtek hdaudioC1D0:    hp_outs=1 (0x1b/0x0/0x0/0x0/0x0)
[    3.442219] snd_hda_codec_realtek hdaudioC1D0:    mono: mono_out=0x0
[    3.442219] snd_hda_codec_realtek hdaudioC1D0:    inputs:
[    3.442220] snd_hda_codec_realtek hdaudioC1D0:      Front Mic=0x19
[    3.442221] snd_hda_codec_realtek hdaudioC1D0:      Rear Mic=0x18
[    3.442222] snd_hda_codec_realtek hdaudioC1D0:      Line=0x1a
[    3.442922] input: HDA ATI HDMI HDMI/DP,pcm=3 as /devices/pci0000:00/0000:00:01.0/0000:01:00.1/sound/card2/input9
[    3.442955] input: HDA ATI HDMI HDMI/DP,pcm=7 as /devices/pci0000:00/0000:00:01.0/0000:01:00.1/sound/card2/input10
[    3.442981] input: HDA ATI HDMI HDMI/DP,pcm=8 as /devices/pci0000:00/0000:00:01.0/0000:01:00.1/sound/card2/input11
[    3.443008] input: HDA ATI HDMI HDMI/DP,pcm=9 as /devices/pci0000:00/0000:00:01.0/0000:01:00.1/sound/card2/input12
[    3.443032] input: HDA ATI HDMI HDMI/DP,pcm=10 as /devices/pci0000:00/0000:00:01.0/0000:01:00.1/sound/card2/input13
[    3.443056] input: HDA ATI HDMI HDMI/DP,pcm=11 as /devices/pci0000:00/0000:00:01.0/0000:01:00.1/sound/card2/input14
[    3.443921] [drm] radeon kernel modesetting enabled.
[    3.443934] RAPL PMU: API unit is 2^-32 Joules, 4 fixed counters, 655360 ms ovfl timer
[    3.443938] RAPL PMU: hw unit of domain pp0-core 2^-14 Joules
[    3.443938] RAPL PMU: hw unit of domain package 2^-14 Joules
[    3.443939] RAPL PMU: hw unit of domain dram 2^-14 Joules
[    3.443939] RAPL PMU: hw unit of domain pp1-gpu 2^-14 Joules
[    3.456566] input: HDA Intel PCH Front Mic as /devices/pci0000:00/0000:00:1b.0/sound/card1/input15
[    3.456606] input: HDA Intel PCH Rear Mic as /devices/pci0000:00/0000:00:1b.0/sound/card1/input16
[    3.456635] input: HDA Intel PCH Line as /devices/pci0000:00/0000:00:1b.0/sound/card1/input17
[    3.457375] input: HDA Intel PCH Line Out Front as /devices/pci0000:00/0000:00:1b.0/sound/card1/input18
[    3.457415] input: HDA Intel PCH Line Out Surround as /devices/pci0000:00/0000:00:1b.0/sound/card1/input19
[    3.457442] input: HDA Intel PCH Line Out CLFE as /devices/pci0000:00/0000:00:1b.0/sound/card1/input20
[    3.457468] input: HDA Intel PCH Line Out Side as /devices/pci0000:00/0000:00:1b.0/sound/card1/input21
[    3.457492] input: HDA Intel PCH Front Headphone as /devices/pci0000:00/0000:00:1b.0/sound/card1/input22
[    3.461945] AMD IOMMUv2 driver by Joerg Roedel <jroedel@suse.de>
[    3.461945] AMD IOMMUv2 functionality not available on this system
[    3.471040] CRAT table not found
[    3.471041] Finished initializing topology ret=0
[    3.471050] kfd kfd: Initialized module
[    3.471651] checking generic (e0000000 300000) vs hw (e0000000 10000000)
[    3.471652] fb: switching to radeondrmfb from EFI VGA
[    3.471666] Console: switching to colour dummy device 80x25
[    3.471867] [drm] initializing kernel modesetting (PITCAIRN 0x1002:0x6811 0x1462:0x3050 0x00).
[    3.471899] radeon 0000:01:00.0: Invalid PCI ROM header signature: expecting 0xaa55, got 0xffff
[    3.471936] ATOM BIOS: 113
[    3.471984] radeon 0000:01:00.0: VRAM: 2048M 0x0000000000000000 - 0x000000007FFFFFFF (2048M used)
[    3.471985] radeon 0000:01:00.0: GTT: 2048M 0x0000000080000000 - 0x00000000FFFFFFFF
[    3.471988] [drm] Detected VRAM RAM=2048M, BAR=256M
[    3.471988] [drm] RAM width 256bits DDR
[    3.472016] [TTM] Zone  kernel: Available graphics memory: 4051928 kiB
[    3.472017] [TTM] Zone   dma32: Available graphics memory: 2097152 kiB
[    3.472018] [TTM] Initializing pool allocator
[    3.472020] [TTM] Initializing DMA pool allocator
[    3.472032] [drm] radeon: 2048M of VRAM memory ready
[    3.472032] [drm] radeon: 2048M of GTT memory ready.
[    3.472039] [drm] Loading pitcairn Microcode
[    3.472808] AVX2 version of gcm_enc/dec engaged.
[    3.472808] AES CTR mode by8 optimization enabled
[    3.474209] fuse init (API version 7.26)
[    3.496693] ath9k 0000:05:01.0: enabling device (0000 -> 0002)
[    3.505514] iTCO_vendor_support: vendor-support=0
[    3.507789] iTCO_wdt: Intel TCO WatchDog Timer Driver v1.11
[    3.507821] iTCO_wdt: Found a Lynx Point TCO device (Version=2, TCOBASE=0x1860)
[    3.507871] iTCO_wdt: initialized. heartbeat=30 sec (nowayout=0)
[    3.521847] [drm] Internal thermal controller with fan control
[    3.521884] [drm] probing gen 2 caps for device 8086:c01 = 261ad03/e
[    3.526506] r8169 0000:03:00.0 enp3s0: renamed from eth0
[    3.527571] EXT4-fs (sda4): mounted filesystem with ordered data mode. Opts: data=ordered
[    3.528581] intel_rapl: Found RAPL domain package
[    3.528582] intel_rapl: Found RAPL domain core
[    3.528583] intel_rapl: Found RAPL domain dram
[    3.535456] [drm] radeon: dpm initialized
[    3.538180] [drm] Found VCE firmware/feedback version 50.0.1 / 17!
[    3.538185] [drm] GART: num cpu pages 524288, num gpu pages 524288
[    3.539075] [drm] probing gen 2 caps for device 8086:c01 = 261ad03/e
[    3.539078] [drm] PCIE gen 3 link speeds already enabled
[    3.571235] [drm] PCIE GART of 2048M enabled (table at 0x00000000001D6000).
[    3.571359] radeon 0000:01:00.0: WB enabled
[    3.571361] radeon 0000:01:00.0: fence driver on ring 0 use gpu addr 0x0000000080000c00 and cpu addr 0xffff880208ed5c00
[    3.571362] radeon 0000:01:00.0: fence driver on ring 1 use gpu addr 0x0000000080000c04 and cpu addr 0xffff880208ed5c04
[    3.571363] radeon 0000:01:00.0: fence driver on ring 2 use gpu addr 0x0000000080000c08 and cpu addr 0xffff880208ed5c08
[    3.571363] radeon 0000:01:00.0: fence driver on ring 3 use gpu addr 0x0000000080000c0c and cpu addr 0xffff880208ed5c0c
[    3.571364] radeon 0000:01:00.0: fence driver on ring 4 use gpu addr 0x0000000080000c10 and cpu addr 0xffff880208ed5c10
[    3.571678] radeon 0000:01:00.0: fence driver on ring 5 use gpu addr 0x0000000000075a18 and cpu addr 0xffff93f541635a18
[    3.591842] radeon 0000:01:00.0: fence driver on ring 6 use gpu addr 0x0000000080000c18 and cpu addr 0xffff880208ed5c18
[    3.591843] radeon 0000:01:00.0: fence driver on ring 7 use gpu addr 0x0000000080000c1c and cpu addr 0xffff880208ed5c1c
[    3.591844] [drm] Supports vblank timestamp caching Rev 2 (21.10.2013).
[    3.591844] [drm] Driver supports precise vblank timestamp query.
[    3.591845] radeon 0000:01:00.0: radeon: MSI limited to 32-bit
[    3.591873] radeon 0000:01:00.0: radeon: using MSI.
[    3.591894] [drm] radeon: irq initialized.
[    3.780325] [drm] ring test on 0 succeeded in 2 usecs
[    3.780329] [drm] ring test on 1 succeeded in 1 usecs
[    3.780333] [drm] ring test on 2 succeeded in 0 usecs
[    3.780341] [drm] ring test on 3 succeeded in 5 usecs
[    3.780348] [drm] ring test on 4 succeeded in 5 usecs
[    3.829532] ath: EEPROM regdomain: 0x809c
[    3.829532] ath: EEPROM indicates we should expect a country code
[    3.829533] ath: doing EEPROM country->regdmn map search
[    3.829533] ath: country maps to regdmn code: 0x52
[    3.829534] ath: Country alpha2 being used: CN
[    3.829534] ath: Regpair used: 0x52
[    3.832603] ieee80211 phy0: Selected rate control algorithm 'minstrel_ht'
[    3.833021] ieee80211 phy0: Atheros AR9287 Rev:2 mem=0xffff93f541440000, irq=16
[    3.834526] ath9k 0000:05:01.0 wlp5s1: renamed from wlan0
[    3.957491] [drm] ring test on 5 succeeded in 2 usecs
[    3.957495] [drm] UVD initialized successfully.
[    4.067611] [drm] ring test on 6 succeeded in 29 usecs
[    4.067624] [drm] ring test on 7 succeeded in 4 usecs
[    4.067624] [drm] VCE initialized successfully.
[    4.067812] [drm] ib test on ring 0 succeeded in 0 usecs
[    4.067868] [drm] ib test on ring 1 succeeded in 0 usecs
[    4.067921] [drm] ib test on ring 2 succeeded in 0 usecs
[    4.067963] [drm] ib test on ring 3 succeeded in 0 usecs
[    4.068003] [drm] ib test on ring 4 succeeded in 0 usecs
[    4.234454] r8169 0000:03:00.0 enp3s0: link down
[    4.234455] r8169 0000:03:00.0 enp3s0: link down
[    4.234512] IPv6: ADDRCONF(NETDEV_UP): enp3s0: link is not ready
[    4.435366] IPv6: ADDRCONF(NETDEV_UP): enp3s0: link is not ready
[    4.437843] IPv6: ADDRCONF(NETDEV_UP): wlp5s1: link is not ready
[    4.745659] [drm] ib test on ring 5 succeeded
[    5.252388] [drm] ib test on ring 6 succeeded
[    5.759025] [drm] ib test on ring 7 succeeded
[    5.760953] [drm] Radeon Display Connectors
[    5.760956] [drm] Connector 0:
[    5.760957] [drm]   DP-1
[    5.760959] [drm]   HPD4
[    5.760962] [drm]   DDC: 0x6530 0x6530 0x6534 0x6534 0x6538 0x6538 0x653c 0x653c
[    5.760963] [drm]   Encoders:
[    5.760965] [drm]     DFP1: INTERNAL_UNIPHY2
[    5.760967] [drm] Connector 1:
[    5.760968] [drm]   HDMI-A-1
[    5.760969] [drm]   HPD5
[    5.760972] [drm]   DDC: 0x6550 0x6550 0x6554 0x6554 0x6558 0x6558 0x655c 0x655c
[    5.760973] [drm]   Encoders:
[    5.760975] [drm]     DFP2: INTERNAL_UNIPHY2
[    5.760976] [drm] Connector 2:
[    5.760977] [drm]   DVI-I-1
[    5.760979] [drm]   HPD6
[    5.760981] [drm]   DDC: 0x6580 0x6580 0x6584 0x6584 0x6588 0x6588 0x658c 0x658c
[    5.760982] [drm]   Encoders:
[    5.760984] [drm]     DFP3: INTERNAL_UNIPHY
[    5.760985] [drm]     CRT1: INTERNAL_KLDSCP_DAC1
[    5.760987] [drm] Connector 3:
[    5.760988] [drm]   DVI-D-1
[    5.760989] [drm]   HPD1
[    5.760992] [drm]   DDC: 0x6570 0x6570 0x6574 0x6574 0x6578 0x6578 0x657c 0x657c
[    5.760993] [drm]   Encoders:
[    5.760994] [drm]     DFP4: INTERNAL_UNIPHY1
[    5.795662] snd_hda_codec_hdmi hdaudioC2D0: HDMI ATI/AMD: no speaker allocation for ELD
[    5.811670] [drm] fb mappable at 0xE05D8000
[    5.811671] [drm] vram apper at 0xE0000000
[    5.811672] [drm] size 8294400
[    5.811673] [drm] fb depth is 24
[    5.811674] [drm]    pitch is 7680
[    5.811833] fbcon: radeondrmfb (fb0) is primary device
[    5.861532] Console: switching to colour frame buffer device 240x67
[    5.866216] radeon 0000:01:00.0: fb0: radeondrmfb frame buffer device
[    5.879229] [drm] Initialized radeon 2.50.0 20080528 for 0000:01:00.0 on minor 0
[    5.901432] [drm] amdgpu kernel modesetting enabled.
[    7.276479] r8169 0000:03:00.0 enp3s0: link up
[    7.276488] IPv6: ADDRCONF(NETDEV_CHANGE): enp3s0: link becomes ready
[  659.247245] usb 3-2: USB disconnect, device number 2
[  679.013314] usb 3-2: new high-speed USB device number 6 using xhci_hcd
[  679.180973] input: aune  X1S USB DAC as /devices/pci0000:00/0000:00:14.0/usb3/3-2/3-2:1.3/0003:20B1:3023.0007/input/input23
[  679.236835] hid-generic 0003:20B1:3023.0007: input,hidraw0: USB HID v1.10 Device [aune  X1S USB DAC] on usb-0000:00:14.0-2/input3
[ 1972.911951] usb 3-11: new full-speed USB device number 7 using xhci_hcd
[ 1973.045419] input: Yubico Yubikey 4 OTP+U2F+CCID as /devices/pci0000:00/0000:00:14.0/usb3/3-11/3-11:1.0/0003:1050:0407.0008/input/input24
[ 1973.102631] hid-generic 0003:1050:0407.0008: input,hidraw6: USB HID v1.10 Keyboard [Yubico Yubikey 4 OTP+U2F+CCID] on usb-0000:00:14.0-11/input0
[ 1973.103649] hid-generic 0003:1050:0407.0009: hiddev2,hidraw7: USB HID v1.10 Device [Yubico Yubikey 4 OTP+U2F+CCID] on usb-0000:00:14.0-11/input1
[ 1978.098493] usb 3-11: USB disconnect, device number 7
[ 5791.580570] usb 3-12: USB disconnect, device number 5
[ 5791.580784] usblp1: removed
[ 6051.712286] usb 3-12: new full-speed USB device number 8 using xhci_hcd
[ 6051.842899] usb 3-12: config index 0 descriptor too short (expected 32, got 9)
[ 6051.842901] usb 3-12: config 1 has 0 interfaces, different from the descriptor's value: 1
[ 6229.337695] usb 3-12: USB disconnect, device number 8
[ 6230.486341] usb 3-12: new full-speed USB device number 9 using xhci_hcd
[ 6230.619317] usblp 3-12:1.0: usblp1: USB Bidirectional printer dev 9 if 0 alt 0 proto 2 vid 0x0FE6 pid 0x811E
[ 6335.319018] usb 3-12: USB disconnect, device number 9
[ 6335.319242] usblp1: removed
[ 6354.595107] usb 3-12: new full-speed USB device number 10 using xhci_hcd
[ 6354.727724] usblp 3-12:1.0: usblp1: USB Bidirectional printer dev 10 if 0 alt 0 proto 2 vid 0x0FE6 pid 0x811E
[ 6361.591752] usb 3-12: USB disconnect, device number 10
[ 6361.591978] usblp1: removed
[ 6364.314494] usb 3-12: new full-speed USB device number 11 using xhci_hcd
[ 6364.447252] usblp 3-12:1.0: usblp1: USB Bidirectional printer dev 11 if 0 alt 0 proto 2 vid 0x0FE6 pid 0x811E
[ 6366.267295] usb 3-12: USB disconnect, device number 11
[ 6366.267484] usblp1: removed
[ 6420.891090] usb 3-12: new full-speed USB device number 12 using xhci_hcd
[ 6421.023798] usblp 3-12:1.0: usblp1: USB Bidirectional printer dev 12 if 0 alt 0 proto 2 vid 0x0FE6 pid 0x811E
[ 7460.587512] usb 3-12: USB disconnect, device number 12
[ 7460.587757] usblp1: removed
[ 7483.322274] usb 3-12: new full-speed USB device number 13 using xhci_hcd
[ 7483.458293] usblp 3-12:1.0: usblp1: USB Bidirectional printer dev 13 if 0 alt 0 proto 2 vid 0x0FE6 pid 0x811E
[ 7628.725581] usb 3-12: USB disconnect, device number 13
[ 7628.725746] usblp1: removed
[ 7695.872992] usb 3-12: new full-speed USB device number 14 using xhci_hcd
[ 7696.005561] usblp 3-12:1.0: usblp1: USB Bidirectional printer dev 14 if 0 alt 0 proto 2 vid 0x0FE6 pid 0x811E
[ 7739.847148] usb 3-12: USB disconnect, device number 14
[ 7739.847358] usblp1: removed
[ 7743.124314] usb 3-12: new full-speed USB device number 15 using xhci_hcd
[ 7743.257052] usblp 3-12:1.0: usblp1: USB Bidirectional printer dev 15 if 0 alt 0 proto 2 vid 0x0FE6 pid 0x811E
[16807.117784] perf: interrupt took too long (2503 > 2500), lowering kernel.perf_event_max_sample_rate to 79800
[25509.159440] perf: interrupt took too long (3183 > 3128), lowering kernel.perf_event_max_sample_rate to 62700
[32024.054287] perf: interrupt took too long (4001 > 3978), lowering kernel.perf_event_max_sample_rate to 49800
[32857.029133] usb 3-12: USB disconnect, device number 15
[32857.029220] usblp1: removed
[32874.817103] usb 3-12: new full-speed USB device number 16 using xhci_hcd
[32874.950663] usblp 3-12:1.0: usblp1: USB Bidirectional printer dev 16 if 0 alt 0 proto 2 vid 0x0FE6 pid 0x811E
[54456.093147] usb 3-2: USB disconnect, device number 6
[80494.358252] usb 3-12: USB disconnect, device number 16
[80494.358371] usblp1: removed
[80535.510617] usb 3-12: new full-speed USB device number 17 using xhci_hcd
[80535.643261] usblp 3-12:1.0: usblp1: USB Bidirectional printer dev 17 if 0 alt 0 proto 2 vid 0x0FE6 pid 0x811E
[121910.290163] usb 3-2: new high-speed USB device number 18 using xhci_hcd
[121910.454352] input: aune  X1S USB DAC as /devices/pci0000:00/0000:00:14.0/usb3/3-2/3-2:1.3/0003:20B1:3023.000A/input/input25
[121910.510353] hid-generic 0003:20B1:3023.000A: input,hidraw0: USB HID v1.10 Device [aune  X1S USB DAC] on usb-0000:00:14.0-2/input3
[122406.022608] usb 3-12: USB disconnect, device number 17
[122406.022766] usblp1: removed
[134725.665435] systemd: 40 output lines suppressed due to ratelimiting
[137068.071485] r8169 0000:03:00.0 enp3s0: link down
[137081.962493] r8169 0000:03:00.0 enp3s0: link up
[137087.938953] r8169 0000:03:00.0 enp3s0: link down
[137090.665470] r8169 0000:03:00.0 enp3s0: link up
[137092.877642] r8169 0000:03:00.0 enp3s0: link down
[137095.976402] r8169 0000:03:00.0 enp3s0: link up
[141742.684927] usb 3-2: USB disconnect, device number 18
[168376.625607] usb 3-2: new high-speed USB device number 19 using xhci_hcd
[168376.789672] input: aune  X1S USB DAC as /devices/pci0000:00/0000:00:14.0/usb3/3-2/3-2:1.3/0003:20B1:3023.000B/input/input26
[168376.845727] hid-generic 0003:20B1:3023.000B: input,hidraw0: USB HID v1.10 Device [aune  X1S USB DAC] on usb-0000:00:14.0-2/input3
[170517.821284] usb 3-12: new full-speed USB device number 20 using xhci_hcd
[170517.954345] usblp 3-12:1.0: usblp1: USB Bidirectional printer dev 20 if 0 alt 0 proto 2 vid 0x0FE6 pid 0x811E
[171931.826461] usb 3-12: USB disconnect, device number 20
[171931.826656] usblp1: removed
[173338.595102] usb 3-12: new full-speed USB device number 21 using xhci_hcd
[173338.727872] usblp 3-12:1.0: usblp1: USB Bidirectional printer dev 21 if 0 alt 0 proto 2 vid 0x0FE6 pid 0x811E
[186620.534153] TCP: request_sock_TCP: Possible SYN flooding on port 63290. Sending cookies.  Check SNMP counters.
